// Vitest Snapshot v1, https://vitest.dev/guide/snapshot.html

exports[`HeroStats > Should render HeroStats with mock information 1`] = `
<div>
  <div>
    Loading...
  </div>
</div>
`;

exports[`HeroStats > Should render component with default values 1`] = `
<div>
  <div>
    Loading...
  </div>
</div>
`;
